// Vitest Snapshot v1, https://vitest.dev/guide/snapshot.html

exports[`Parser concepts of type >  Expression  1`] = `
ExpressionTest {
  "$$owner": TestConceptsModel {
    "$$owner": null,
    "$$propertyIndex": undefined,
    "$$propertyName": "",
    "$id": "ID-1",
    "$typename": "TestConceptsModel",
    "_FRE_expr": [Circular],
  },
  "$$propertyIndex": undefined,
  "$$propertyName": "expr",
  "$id": "ID-12",
  "$typename": "ExpressionTest",
  "_FRE_binEx": [
    PlusEx {
      "$$owner": [Circular],
      "$$propertyIndex": 0,
      "$$propertyName": "binEx",
      "$id": "ID-5",
      "$typename": "PlusEx",
      "_FRE_left": StringLiteralEx {
        "$$owner": [Circular],
        "$$propertyIndex": undefined,
        "$$propertyName": "left",
        "$id": "ID-2",
        "$typename": "StringLiteralEx",
        "_FRE_value": "literal1",
        "parseLocation": FreParseLocation {
          "column": 2,
          "filename": "src/parser-basic-concepts/__inputs__/test1.exp",
          "line": 4,
        },
      },
      "_FRE_right": StringLiteralEx {
        "$$owner": [Circular],
        "$$propertyIndex": undefined,
        "$$propertyName": "right",
        "$id": "ID-4",
        "$typename": "StringLiteralEx",
        "_FRE_value": "literal2",
        "parseLocation": FreParseLocation {
          "column": 39,
          "filename": "src/parser-basic-concepts/__inputs__/test1.exp",
          "line": 4,
        },
      },
      "parseLocation": FreParseLocation {
        "column": 2,
        "filename": "src/parser-basic-concepts/__inputs__/test1.exp",
        "line": 4,
      },
    },
    DivideEx {
      "$$owner": [Circular],
      "$$propertyIndex": 1,
      "$$propertyName": "binEx",
      "$id": "ID-11",
      "$typename": "DivideEx",
      "_FRE_left": NumberLiteralEx {
        "$$owner": [Circular],
        "$$propertyIndex": undefined,
        "$$propertyName": "left",
        "$id": "ID-6",
        "$typename": "NumberLiteralEx",
        "_FRE_value": 109,
        "parseLocation": FreParseLocation {
          "column": 2,
          "filename": "src/parser-basic-concepts/__inputs__/test1.exp",
          "line": 5,
        },
      },
      "_FRE_right": MultiplyEx {
        "$$owner": [Circular],
        "$$propertyIndex": undefined,
        "$$propertyName": "right",
        "$id": "ID-10",
        "$typename": "MultiplyEx",
        "_FRE_left": StringLiteralEx {
          "$$owner": [Circular],
          "$$propertyIndex": undefined,
          "$$propertyName": "left",
          "$id": "ID-7",
          "$typename": "StringLiteralEx",
          "_FRE_value": "literal3",
          "parseLocation": FreParseLocation {
            "column": 32,
            "filename": "src/parser-basic-concepts/__inputs__/test1.exp",
            "line": 5,
          },
        },
        "_FRE_right": BooleanLiteralEx {
          "$$owner": [Circular],
          "$$propertyIndex": undefined,
          "$$propertyName": "right",
          "$id": "ID-9",
          "$typename": "BooleanLiteralEx",
          "_FRE_value": true,
          "parseLocation": FreParseLocation {
            "column": 69,
            "filename": "src/parser-basic-concepts/__inputs__/test1.exp",
            "line": 5,
          },
        },
        "parseLocation": FreParseLocation {
          "column": 32,
          "filename": "src/parser-basic-concepts/__inputs__/test1.exp",
          "line": 5,
        },
      },
      "parseLocation": FreParseLocation {
        "column": 2,
        "filename": "src/parser-basic-concepts/__inputs__/test1.exp",
        "line": 5,
      },
    },
  ],
  "_FRE_name": "simpleExpressions",
  "_FRE_normalEx": [],
  "fileExtension": "",
  "parseLocation": FreParseLocation {
    "column": 1,
    "filename": "src/parser-basic-concepts/__inputs__/test1.exp",
    "line": 1,
  },
}
`;
